../Core/Src/main.c:92:6:HAL_GPIO_EXTI_Callback	24	static
../Core/Src/main.c:124:5:main	8	static
../Core/Src/main.c:186:6:SystemClock_Config	160	static
../Core/Src/main.c:237:13:MX_ADC1_Init	48	static
../Core/Src/main.c:296:13:MX_DAC1_Init	24	static
../Core/Src/main.c:331:13:MX_RTC_Init	72	static
../Core/Src/main.c:406:13:MX_SPI1_Init	8	static
../Core/Src/main.c:444:13:MX_TIM6_Init	24	static
../Core/Src/main.c:480:13:MX_USART1_UART_Init	8	static
../Core/Src/main.c:513:13:MX_USART2_UART_Init	8	static
../Core/Src/main.c:544:13:MX_DMA_Init	16	static
../Core/Src/main.c:567:13:MX_GPIO_Init	48	static
../Core/Src/main.c:625:6:Error_Handler	4	static,ignoring_inline_asm
