sim7600.c:24:6:SIM7600_Init	8	static
sim7600.c:42:9:__SIM7600_ATCommandTransmit	32	static
sim7600.c:71:6:HAL_UARTEx_RxEventCallback	24	static
sim7600.c:108:6:SIM7600_Enable	24	static
sim7600.c:127:6:SIM7600_ResetModule	8	static
sim7600.c:135:9:SIM7600_GetQualify	8	static
sim7600.c:157:5:SIM7600_GetRSSI	16	static
sim7600.c:181:9:SIM7600_FTP_Login	240	static
sim7600.c:201:6:SIM7600_FTP_GetDirectory	216	static
sim7600.c:213:10:SIM7600_FTP_GetSizeMemory	336	static
sim7600.c:247:9:SIM7600_FTP_DownloadFileToModule	224	static
sim7600.c:270:9:SIM7600_FTP_UploadFileFromModule	224	static
sim7600.c:284:9:SIM7600_FTP_Logout	8	static
sim7600.c:303:9:SIM7600_FTP_Start	8	static
sim7600.c:322:9:SIM7600_FTP_Stop	8	static
sim7600.c:344:9:SIM7600_FTP_DownloadFileToSerial	240	static
sim7600.c:380:9:SIM7600_FTP_UploadFileFromSerial	232	static
sim7600.c:398:9:SIM7600_FTP_DeleteFile	120	static
sim7600.c:413:9:SIM7600_FTP_CreateFolder	120	static
sim7600.c:428:9:SIM7600_FTP_DeleteFolder	120	static
sim7600.c:445:9:SIM7600_TransferFileToSerial	224	static
sim7600.c:460:7:SIM7600_FTP_GetTimeFile	1232	static
sim7600.c:489:10:SIM7600_FTP_GetSizeFile	1248	static
sim7600.c:520:9:SIM7600_DeleteMemory	216	static
sim7600.c:538:9:SIM7600_HTTP_Start	8	static
sim7600.c:550:9:SIM7600_HTTP_Stop	8	static
sim7600.c:562:9:SIM7600_HTTP_Begin	416	static
sim7600.c:573:5:SIM7600_HTTP_GETMethod	120	static
sim7600.c:600:9:SIM7600_HTTP_POSTMethod	120	static
sim7600.c:624:9:SIM7600_HTTP_UploadDataToServer	232	static
sim7600.c:634:9:SIM7600_HTTP_Read	224	static
sim7600.c:643:9:SIM7600_HTTP_AddHeader	416	static
sim7600.c:654:9:SIM7600_HTTP_ReadHeader	8	static
