../Core/Src/stm32f3xx_it.c:86:6:NMI_Handler	4	static
../Core/Src/stm32f3xx_it.c:101:6:HardFault_Handler	4	static
../Core/Src/stm32f3xx_it.c:116:6:MemManage_Handler	4	static
../Core/Src/stm32f3xx_it.c:131:6:BusFault_Handler	4	static
../Core/Src/stm32f3xx_it.c:146:6:UsageFault_Handler	4	static
../Core/Src/stm32f3xx_it.c:161:6:SVC_Handler	4	static
../Core/Src/stm32f3xx_it.c:174:6:DebugMon_Handler	4	static
../Core/Src/stm32f3xx_it.c:187:6:PendSV_Handler	4	static
../Core/Src/stm32f3xx_it.c:200:6:SysTick_Handler	8	static
../Core/Src/stm32f3xx_it.c:223:6:EXTI0_IRQHandler	8	static
../Core/Src/stm32f3xx_it.c:237:6:DMA1_Channel1_IRQHandler	8	static
../Core/Src/stm32f3xx_it.c:251:6:DMA1_Channel3_IRQHandler	8	static
../Core/Src/stm32f3xx_it.c:265:6:DMA1_Channel5_IRQHandler	8	static
../Core/Src/stm32f3xx_it.c:279:6:ADC1_2_IRQHandler	8	static
../Core/Src/stm32f3xx_it.c:293:6:USART1_IRQHandler	8	static
../Core/Src/stm32f3xx_it.c:307:6:USART2_IRQHandler	8	static
../Core/Src/stm32f3xx_it.c:321:6:EXTI15_10_IRQHandler	8	static
../Core/Src/stm32f3xx_it.c:335:6:RTC_Alarm_IRQHandler	8	static
